Copyright 1986-2017 Xilinx, Inc. All Rights Reserved.
------------------------------------------------------------------------------------
| Tool Version : Vivado v.2017.3 (lin64) Build 2018833 Wed Oct  4 19:58:07 MDT 2017
| Date         : Sat Sep 15 01:49:44 2018
| Host         : eda04 running 64-bit Debian GNU/Linux 9.5 (stretch)
| Command      : report_utilization -file ./impl-output/post_synth_util.rpt
| Design       : dnn_accelerator_top
| Device       : xcvu095ffvc1517-3
| Design State : Synthesized
------------------------------------------------------------------------------------

Utilization Design Information

Table of Contents
-----------------
1. CLB Logic
1.1 Summary of Registers by Type
2. BLOCKRAM
3. ARITHMETIC
4. I/O
5. CLOCK
6. ADVANCED
7. CONFIGURATION
8. Primitives
9. Black Boxes
10. Instantiated Netlists

1. CLB Logic
------------

+----------------------------+-------+-------+-----------+-------+
|          Site Type         |  Used | Fixed | Available | Util% |
+----------------------------+-------+-------+-----------+-------+
| CLB LUTs*                  | 24864 |     0 |    537600 |  4.63 |
|   LUT as Logic             | 24699 |     0 |    537600 |  4.59 |
|   LUT as Memory            |   165 |     0 |     76800 |  0.21 |
|     LUT as Distributed RAM |    72 |     0 |           |       |
|     LUT as Shift Register  |    93 |     0 |           |       |
| CLB Registers              | 32750 |     0 |   1075200 |  3.05 |
|   Register as Flip Flop    | 32750 |     0 |   1075200 |  3.05 |
|   Register as Latch        |     0 |     0 |   1075200 |  0.00 |
| CARRY8                     |   316 |     0 |     67200 |  0.47 |
| F7 Muxes                   |     2 |     0 |    268800 | <0.01 |
| F8 Muxes                   |     0 |     0 |    134400 |  0.00 |
| F9 Muxes                   |     0 |     0 |     67200 |  0.00 |
+----------------------------+-------+-------+-----------+-------+
* Warning! The Final LUT count, after physical optimizations and full implementation, is typically lower. Run opt_design after synthesis, if not already completed, for a more realistic count.


1.1 Summary of Registers by Type
--------------------------------

+-------+--------------+-------------+--------------+
| Total | Clock Enable | Synchronous | Asynchronous |
+-------+--------------+-------------+--------------+
| 0     |            _ |           - |            - |
| 0     |            _ |           - |          Set |
| 0     |            _ |           - |        Reset |
| 0     |            _ |         Set |            - |
| 0     |            _ |       Reset |            - |
| 0     |          Yes |           - |            - |
| 0     |          Yes |           - |          Set |
| 0     |          Yes |           - |        Reset |
| 40    |          Yes |         Set |            - |
| 32710 |          Yes |       Reset |            - |
+-------+--------------+-------------+--------------+


2. BLOCKRAM
-----------

+-------------------+------+-------+-----------+-------+
|     Site Type     | Used | Fixed | Available | Util% |
+-------------------+------+-------+-----------+-------+
| Block RAM Tile    |   97 |     0 |      1728 |  5.61 |
|   RAMB36/FIFO*    |   62 |     0 |      1728 |  3.59 |
|     RAMB36E2 only |   62 |       |           |       |
|   RAMB18          |   70 |     0 |      3456 |  2.03 |
|     RAMB18E2 only |   70 |       |           |       |
+-------------------+------+-------+-----------+-------+
* Note: Each Block RAM Tile only has one FIFO logic available and therefore can accommodate only one FIFO36E2 or one FIFO18E2. However, if a FIFO18E2 occupies a Block RAM Tile, that tile can still accommodate a RAMB18E2


3. ARITHMETIC
-------------

+----------------+------+-------+-----------+-------+
|    Site Type   | Used | Fixed | Available | Util% |
+----------------+------+-------+-----------+-------+
| DSPs           |   64 |     0 |       768 |  8.33 |
|   DSP48E2 only |   64 |       |           |       |
+----------------+------+-------+-----------+-------+


4. I/O
------

+------------+------+-------+-----------+-------+
|  Site Type | Used | Fixed | Available | Util% |
+------------+------+-------+-----------+-------+
| Bonded IOB |  108 |     0 |       520 | 20.77 |
+------------+------+-------+-----------+-------+


5. CLOCK
--------

+----------------------+------+-------+-----------+-------+
|       Site Type      | Used | Fixed | Available | Util% |
+----------------------+------+-------+-----------+-------+
| GLOBAL CLOCK BUFFERs |    1 |     0 |       960 |  0.10 |
|   BUFGCE             |    1 |     0 |       384 |  0.26 |
|   BUFGCE_DIV         |    0 |     0 |        64 |  0.00 |
|   BUFG_GT            |    0 |     0 |       384 |  0.00 |
|   BUFGCTRL*          |    0 |     0 |       128 |  0.00 |
| PLLE3_ADV            |    0 |     0 |        32 |  0.00 |
| MMCME3_ADV           |    0 |     0 |        16 |  0.00 |
+----------------------+------+-------+-----------+-------+
* Note: Each used BUFGCTRL counts as two global buffer resources. This table does not include global clocking resources, only buffer cell usage. See the Clock Utilization Report (report_clock_utilization) for detailed accounting of global clocking resource availability.


6. ADVANCED
-----------

+-----------------+------+-------+-----------+-------+
|    Site Type    | Used | Fixed | Available | Util% |
+-----------------+------+-------+-----------+-------+
| CMAC            |    0 |     0 |         4 |  0.00 |
| GTHE3_CHANNEL   |    0 |     0 |        20 |  0.00 |
| GTHE3_COMMON    |    0 |     0 |         5 |  0.00 |
| GTYE3_CHANNEL   |    0 |     0 |        20 |  0.00 |
| GTYE3_COMMON    |    0 |     0 |         5 |  0.00 |
| IBUFDS_GTE3     |    0 |     0 |        20 |  0.00 |
| ILKN            |    0 |     0 |         6 |  0.00 |
| OBUFDS_GTE3     |    0 |     0 |        20 |  0.00 |
| OBUFDS_GTE3_ADV |    0 |     0 |        20 |  0.00 |
| PCIE_3_1        |    0 |     0 |         4 |  0.00 |
| SYSMONE1        |    0 |     0 |         1 |  0.00 |
+-----------------+------+-------+-----------+-------+


7. CONFIGURATION
----------------

+-------------+------+-------+-----------+-------+
|  Site Type  | Used | Fixed | Available | Util% |
+-------------+------+-------+-----------+-------+
| BSCANE2     |    0 |     0 |         4 |  0.00 |
| DNA_PORTE2  |    0 |     0 |         1 |  0.00 |
| EFUSE_USR   |    0 |     0 |         1 |  0.00 |
| FRAME_ECCE3 |    0 |     0 |         1 |  0.00 |
| ICAPE3      |    0 |     0 |         2 |  0.00 |
| MASTER_JTAG |    0 |     0 |         1 |  0.00 |
| STARTUPE3   |    0 |     0 |         1 |  0.00 |
+-------------+------+-------+-----------+-------+


8. Primitives
-------------

+----------+-------+---------------------+
| Ref Name |  Used | Functional Category |
+----------+-------+---------------------+
| FDRE     | 32710 |            Register |
| LUT3     | 11400 |                 CLB |
| LUT5     |  9589 |                 CLB |
| LUT6     |  5114 |                 CLB |
| LUT4     |  3513 |                 CLB |
| LUT2     |  2408 |                 CLB |
| CARRY8   |   316 |                 CLB |
| LUT1     |   271 |                 CLB |
| RAMD32   |   126 |                 CLB |
| OBUF     |    94 |                 I/O |
| SRL16E   |    93 |                 CLB |
| RAMB18E2 |    70 |           Block Ram |
| DSP48E2  |    64 |          Arithmetic |
| RAMB36E2 |    62 |           Block Ram |
| FDSE     |    40 |            Register |
| RAMS32   |    18 |                 CLB |
| OBUFT    |    11 |                 I/O |
| INBUF    |     3 |                 I/O |
| IBUFCTRL |     3 |              Others |
| MUXF7    |     2 |                 CLB |
| BUFGCE   |     1 |               Clock |
+----------+-------+---------------------+


9. Black Boxes
--------------

+----------+------+
| Ref Name | Used |
+----------+------+


10. Instantiated Netlists
-------------------------

+----------+------+
| Ref Name | Used |
+----------+------+


