Copyright 1986-2017 Xilinx, Inc. All Rights Reserved.
------------------------------------------------------------------------------------------
| Tool Version : Vivado v.2017.3 (lin64) Build 2018833 Wed Oct  4 19:58:07 MDT 2017
| Date         : Sat Sep 15 01:55:50 2018
| Host         : eda04 running 64-bit Debian GNU/Linux 9.5 (stretch)
| Command      : report_utilization -hierarchical -file ./impl-output/post_route_util.rpt
| Design       : dnn_accelerator_top
| Device       : xcvu095ffvc1517-3
| Design State : Routed
------------------------------------------------------------------------------------------

Utilization Design Information

Table of Contents
-----------------
1. Utilization by Hierarchy

1. Utilization by Hierarchy
---------------------------

+----------------------------------------------+-------------------------------+------------+------------+---------+------+-------+--------+--------+------+--------------+
|                   Instance                   |             Module            | Total LUTs | Logic LUTs | LUTRAMs | SRLs |  FFs  | RAMB36 | RAMB18 | URAM | DSP48 Blocks |
+----------------------------------------------+-------------------------------+------------+------------+---------+------+-------+--------+--------+------+--------------+
| dnn_accelerator_top                          |                         (top) |      16866 |      16733 |      72 |   61 | 29679 |     62 |     70 |    0 |           64 |
|   (dnn_accelerator_top)                      |                         (top) |          0 |          0 |       0 |    0 |     3 |      0 |      0 |    0 |            0 |
|   accelerator                                |               dnn_accelerator |      16866 |      16733 |      72 |   61 | 29676 |     62 |     70 |    0 |           64 |
|     (accelerator)                            |               dnn_accelerator |        113 |        113 |       0 |    0 |    22 |      0 |      0 |    0 |            0 |
|     PU_GEN[0].u_PU                           |                            PU |       9283 |       9232 |       8 |   43 | 14246 |     29 |     67 |    0 |           64 |
|       (PU_GEN[0].u_PU)                       |                            PU |         13 |         13 |       0 |    0 |    53 |      0 |      0 |    0 |            0 |
|       PE_GENBLK[0].u_PE                      |                            PE |         49 |         49 |       0 |    0 |   116 |      0 |      1 |    0 |            1 |
|         MACC_pe                              |                      macc_353 |         17 |         17 |       0 |    0 |    36 |      0 |      0 |    0 |            1 |
|         ReLU                                 |                activation_354 |          0 |          0 |       0 |    0 |    16 |      0 |      0 |    0 |            0 |
|         fifo_out_delay                       |  register__parameterized1_355 |          8 |          8 |       0 |    0 |    48 |      0 |      0 |    0 |            0 |
|         pe_buffer                            |                       ram_356 |         24 |         24 |       0 |    0 |    16 |      0 |      1 |    0 |            0 |
|       PE_GENBLK[10].u_PE                     |                         PE_30 |         33 |         33 |       0 |    0 |   116 |      0 |      1 |    0 |            1 |
|         MACC_pe                              |                      macc_349 |         17 |         17 |       0 |    0 |    36 |      0 |      0 |    0 |            1 |
|         ReLU                                 |                activation_350 |          0 |          0 |       0 |    0 |    16 |      0 |      0 |    0 |            0 |
|         fifo_out_delay                       |  register__parameterized1_351 |          8 |          8 |       0 |    0 |    48 |      0 |      0 |    0 |            0 |
|         pe_buffer                            |                       ram_352 |          8 |          8 |       0 |    0 |    16 |      0 |      1 |    0 |            0 |
|       PE_GENBLK[11].u_PE                     |                         PE_31 |         33 |         33 |       0 |    0 |   116 |      0 |      1 |    0 |            1 |
|         MACC_pe                              |                      macc_345 |         17 |         17 |       0 |    0 |    36 |      0 |      0 |    0 |            1 |
|         ReLU                                 |                activation_346 |          0 |          0 |       0 |    0 |    16 |      0 |      0 |    0 |            0 |
|         fifo_out_delay                       |  register__parameterized1_347 |          8 |          8 |       0 |    0 |    48 |      0 |      0 |    0 |            0 |
|         pe_buffer                            |                       ram_348 |          8 |          8 |       0 |    0 |    16 |      0 |      1 |    0 |            0 |
|       PE_GENBLK[12].u_PE                     |                         PE_32 |         49 |         49 |       0 |    0 |   116 |      0 |      1 |    0 |            1 |
|         MACC_pe                              |                      macc_341 |         17 |         17 |       0 |    0 |    36 |      0 |      0 |    0 |            1 |
|         ReLU                                 |                activation_342 |          0 |          0 |       0 |    0 |    16 |      0 |      0 |    0 |            0 |
|         fifo_out_delay                       |  register__parameterized1_343 |          8 |          8 |       0 |    0 |    48 |      0 |      0 |    0 |            0 |
|         pe_buffer                            |                       ram_344 |         24 |         24 |       0 |    0 |    16 |      0 |      1 |    0 |            0 |
|       PE_GENBLK[13].u_PE                     |                         PE_33 |         49 |         49 |       0 |    0 |   116 |      0 |      1 |    0 |            1 |
|         MACC_pe                              |                      macc_337 |         17 |         17 |       0 |    0 |    36 |      0 |      0 |    0 |            1 |
|         ReLU                                 |                activation_338 |          0 |          0 |       0 |    0 |    16 |      0 |      0 |    0 |            0 |
|         fifo_out_delay                       |  register__parameterized1_339 |          8 |          8 |       0 |    0 |    48 |      0 |      0 |    0 |            0 |
|         pe_buffer                            |                       ram_340 |         24 |         24 |       0 |    0 |    16 |      0 |      1 |    0 |            0 |
|       PE_GENBLK[14].u_PE                     |                         PE_34 |         49 |         49 |       0 |    0 |   116 |      0 |      1 |    0 |            1 |
|         MACC_pe                              |                      macc_333 |         17 |         17 |       0 |    0 |    36 |      0 |      0 |    0 |            1 |
|         ReLU                                 |                activation_334 |          0 |          0 |       0 |    0 |    16 |      0 |      0 |    0 |            0 |
|         fifo_out_delay                       |  register__parameterized1_335 |          8 |          8 |       0 |    0 |    48 |      0 |      0 |    0 |            0 |
|         pe_buffer                            |                       ram_336 |         24 |         24 |       0 |    0 |    16 |      0 |      1 |    0 |            0 |
|       PE_GENBLK[15].u_PE                     |                         PE_35 |         49 |         49 |       0 |    0 |   116 |      0 |      1 |    0 |            1 |
|         MACC_pe                              |                      macc_329 |         17 |         17 |       0 |    0 |    36 |      0 |      0 |    0 |            1 |
|         ReLU                                 |                activation_330 |          0 |          0 |       0 |    0 |    16 |      0 |      0 |    0 |            0 |
|         fifo_out_delay                       |  register__parameterized1_331 |          8 |          8 |       0 |    0 |    48 |      0 |      0 |    0 |            0 |
|         pe_buffer                            |                       ram_332 |         24 |         24 |       0 |    0 |    16 |      0 |      1 |    0 |            0 |
|       PE_GENBLK[16].u_PE                     |                         PE_36 |         49 |         49 |       0 |    0 |   116 |      0 |      1 |    0 |            1 |
|         MACC_pe                              |                      macc_325 |         17 |         17 |       0 |    0 |    36 |      0 |      0 |    0 |            1 |
|         ReLU                                 |                activation_326 |          0 |          0 |       0 |    0 |    16 |      0 |      0 |    0 |            0 |
|         fifo_out_delay                       |  register__parameterized1_327 |          8 |          8 |       0 |    0 |    48 |      0 |      0 |    0 |            0 |
|         pe_buffer                            |                       ram_328 |         24 |         24 |       0 |    0 |    16 |      0 |      1 |    0 |            0 |
|       PE_GENBLK[17].u_PE                     |                         PE_37 |         33 |         33 |       0 |    0 |   116 |      0 |      1 |    0 |            1 |
|         MACC_pe                              |                      macc_321 |         17 |         17 |       0 |    0 |    36 |      0 |      0 |    0 |            1 |
|         ReLU                                 |                activation_322 |          0 |          0 |       0 |    0 |    16 |      0 |      0 |    0 |            0 |
|         fifo_out_delay                       |  register__parameterized1_323 |          8 |          8 |       0 |    0 |    48 |      0 |      0 |    0 |            0 |
|         pe_buffer                            |                       ram_324 |          8 |          8 |       0 |    0 |    16 |      0 |      1 |    0 |            0 |
|       PE_GENBLK[18].u_PE                     |                         PE_38 |         33 |         33 |       0 |    0 |   116 |      0 |      1 |    0 |            1 |
|         MACC_pe                              |                      macc_317 |         17 |         17 |       0 |    0 |    36 |      0 |      0 |    0 |            1 |
|         ReLU                                 |                activation_318 |          0 |          0 |       0 |    0 |    16 |      0 |      0 |    0 |            0 |
|         fifo_out_delay                       |  register__parameterized1_319 |          8 |          8 |       0 |    0 |    48 |      0 |      0 |    0 |            0 |
|         pe_buffer                            |                       ram_320 |          8 |          8 |       0 |    0 |    16 |      0 |      1 |    0 |            0 |
|       PE_GENBLK[19].u_PE                     |                         PE_39 |         33 |         33 |       0 |    0 |   116 |      0 |      1 |    0 |            1 |
|         MACC_pe                              |                      macc_313 |         17 |         17 |       0 |    0 |    36 |      0 |      0 |    0 |            1 |
|         ReLU                                 |                activation_314 |          0 |          0 |       0 |    0 |    16 |      0 |      0 |    0 |            0 |
|         fifo_out_delay                       |  register__parameterized1_315 |          8 |          8 |       0 |    0 |    48 |      0 |      0 |    0 |            0 |
|         pe_buffer                            |                       ram_316 |          8 |          8 |       0 |    0 |    16 |      0 |      1 |    0 |            0 |
|       PE_GENBLK[1].u_PE                      |                         PE_40 |         49 |         49 |       0 |    0 |   116 |      0 |      1 |    0 |            1 |
|         MACC_pe                              |                      macc_309 |         17 |         17 |       0 |    0 |    36 |      0 |      0 |    0 |            1 |
|         ReLU                                 |                activation_310 |          0 |          0 |       0 |    0 |    16 |      0 |      0 |    0 |            0 |
|         fifo_out_delay                       |  register__parameterized1_311 |          8 |          8 |       0 |    0 |    48 |      0 |      0 |    0 |            0 |
|         pe_buffer                            |                       ram_312 |         24 |         24 |       0 |    0 |    16 |      0 |      1 |    0 |            0 |
|       PE_GENBLK[20].u_PE                     |                         PE_41 |         33 |         33 |       0 |    0 |   116 |      0 |      1 |    0 |            1 |
|         MACC_pe                              |                      macc_305 |         17 |         17 |       0 |    0 |    36 |      0 |      0 |    0 |            1 |
|         ReLU                                 |                activation_306 |          0 |          0 |       0 |    0 |    16 |      0 |      0 |    0 |            0 |
|         fifo_out_delay                       |  register__parameterized1_307 |          8 |          8 |       0 |    0 |    48 |      0 |      0 |    0 |            0 |
|         pe_buffer                            |                       ram_308 |          8 |          8 |       0 |    0 |    16 |      0 |      1 |    0 |            0 |
|       PE_GENBLK[21].u_PE                     |                         PE_42 |         33 |         33 |       0 |    0 |   116 |      0 |      1 |    0 |            1 |
|         MACC_pe                              |                      macc_301 |         17 |         17 |       0 |    0 |    36 |      0 |      0 |    0 |            1 |
|         ReLU                                 |                activation_302 |          0 |          0 |       0 |    0 |    16 |      0 |      0 |    0 |            0 |
|         fifo_out_delay                       |  register__parameterized1_303 |          8 |          8 |       0 |    0 |    48 |      0 |      0 |    0 |            0 |
|         pe_buffer                            |                       ram_304 |          8 |          8 |       0 |    0 |    16 |      0 |      1 |    0 |            0 |
|       PE_GENBLK[22].u_PE                     |                         PE_43 |         33 |         33 |       0 |    0 |   116 |      0 |      1 |    0 |            1 |
|         MACC_pe                              |                      macc_297 |         17 |         17 |       0 |    0 |    36 |      0 |      0 |    0 |            1 |
|         ReLU                                 |                activation_298 |          0 |          0 |       0 |    0 |    16 |      0 |      0 |    0 |            0 |
|         fifo_out_delay                       |  register__parameterized1_299 |          8 |          8 |       0 |    0 |    48 |      0 |      0 |    0 |            0 |
|         pe_buffer                            |                       ram_300 |          8 |          8 |       0 |    0 |    16 |      0 |      1 |    0 |            0 |
|       PE_GENBLK[23].u_PE                     |                         PE_44 |         49 |         49 |       0 |    0 |   116 |      0 |      1 |    0 |            1 |
|         MACC_pe                              |                      macc_293 |         17 |         17 |       0 |    0 |    36 |      0 |      0 |    0 |            1 |
|         ReLU                                 |                activation_294 |          0 |          0 |       0 |    0 |    16 |      0 |      0 |    0 |            0 |
|         fifo_out_delay                       |  register__parameterized1_295 |          8 |          8 |       0 |    0 |    48 |      0 |      0 |    0 |            0 |
|         pe_buffer                            |                       ram_296 |         24 |         24 |       0 |    0 |    16 |      0 |      1 |    0 |            0 |
|       PE_GENBLK[24].u_PE                     |                         PE_45 |         33 |         33 |       0 |    0 |   116 |      0 |      1 |    0 |            1 |
|         MACC_pe                              |                      macc_289 |         17 |         17 |       0 |    0 |    36 |      0 |      0 |    0 |            1 |
|         ReLU                                 |                activation_290 |          0 |          0 |       0 |    0 |    16 |      0 |      0 |    0 |            0 |
|         fifo_out_delay                       |  register__parameterized1_291 |          8 |          8 |       0 |    0 |    48 |      0 |      0 |    0 |            0 |
|         pe_buffer                            |                       ram_292 |          8 |          8 |       0 |    0 |    16 |      0 |      1 |    0 |            0 |
|       PE_GENBLK[25].u_PE                     |                         PE_46 |         33 |         33 |       0 |    0 |   116 |      0 |      1 |    0 |            1 |
|         MACC_pe                              |                      macc_285 |         17 |         17 |       0 |    0 |    36 |      0 |      0 |    0 |            1 |
|         ReLU                                 |                activation_286 |          0 |          0 |       0 |    0 |    16 |      0 |      0 |    0 |            0 |
|         fifo_out_delay                       |  register__parameterized1_287 |          8 |          8 |       0 |    0 |    48 |      0 |      0 |    0 |            0 |
|         pe_buffer                            |                       ram_288 |          8 |          8 |       0 |    0 |    16 |      0 |      1 |    0 |            0 |
|       PE_GENBLK[26].u_PE                     |                         PE_47 |         33 |         33 |       0 |    0 |   116 |      0 |      1 |    0 |            1 |
|         MACC_pe                              |                      macc_281 |         17 |         17 |       0 |    0 |    36 |      0 |      0 |    0 |            1 |
|         ReLU                                 |                activation_282 |          0 |          0 |       0 |    0 |    16 |      0 |      0 |    0 |            0 |
|         fifo_out_delay                       |  register__parameterized1_283 |          8 |          8 |       0 |    0 |    48 |      0 |      0 |    0 |            0 |
|         pe_buffer                            |                       ram_284 |          8 |          8 |       0 |    0 |    16 |      0 |      1 |    0 |            0 |
|       PE_GENBLK[27].u_PE                     |                         PE_48 |         33 |         33 |       0 |    0 |   116 |      0 |      1 |    0 |            1 |
|         MACC_pe                              |                      macc_277 |         17 |         17 |       0 |    0 |    36 |      0 |      0 |    0 |            1 |
|         ReLU                                 |                activation_278 |          0 |          0 |       0 |    0 |    16 |      0 |      0 |    0 |            0 |
|         fifo_out_delay                       |  register__parameterized1_279 |          8 |          8 |       0 |    0 |    48 |      0 |      0 |    0 |            0 |
|         pe_buffer                            |                       ram_280 |          8 |          8 |       0 |    0 |    16 |      0 |      1 |    0 |            0 |
|       PE_GENBLK[28].u_PE                     |                         PE_49 |         33 |         33 |       0 |    0 |   116 |      0 |      1 |    0 |            1 |
|         MACC_pe                              |                      macc_273 |         17 |         17 |       0 |    0 |    36 |      0 |      0 |    0 |            1 |
|         ReLU                                 |                activation_274 |          0 |          0 |       0 |    0 |    16 |      0 |      0 |    0 |            0 |
|         fifo_out_delay                       |  register__parameterized1_275 |          8 |          8 |       0 |    0 |    48 |      0 |      0 |    0 |            0 |
|         pe_buffer                            |                       ram_276 |          8 |          8 |       0 |    0 |    16 |      0 |      1 |    0 |            0 |
|       PE_GENBLK[29].u_PE                     |                         PE_50 |         33 |         33 |       0 |    0 |   116 |      0 |      1 |    0 |            1 |
|         MACC_pe                              |                      macc_269 |         17 |         17 |       0 |    0 |    36 |      0 |      0 |    0 |            1 |
|         ReLU                                 |                activation_270 |          0 |          0 |       0 |    0 |    16 |      0 |      0 |    0 |            0 |
|         fifo_out_delay                       |  register__parameterized1_271 |          8 |          8 |       0 |    0 |    48 |      0 |      0 |    0 |            0 |
|         pe_buffer                            |                       ram_272 |          8 |          8 |       0 |    0 |    16 |      0 |      1 |    0 |            0 |
|       PE_GENBLK[2].u_PE                      |                         PE_51 |         33 |         33 |       0 |    0 |   116 |      0 |      1 |    0 |            1 |
|         MACC_pe                              |                      macc_265 |         17 |         17 |       0 |    0 |    36 |      0 |      0 |    0 |            1 |
|         ReLU                                 |                activation_266 |          0 |          0 |       0 |    0 |    16 |      0 |      0 |    0 |            0 |
|         fifo_out_delay                       |  register__parameterized1_267 |          8 |          8 |       0 |    0 |    48 |      0 |      0 |    0 |            0 |
|         pe_buffer                            |                       ram_268 |          8 |          8 |       0 |    0 |    16 |      0 |      1 |    0 |            0 |
|       PE_GENBLK[30].u_PE                     |                         PE_52 |         33 |         33 |       0 |    0 |   116 |      0 |      1 |    0 |            1 |
|         MACC_pe                              |                      macc_261 |         17 |         17 |       0 |    0 |    36 |      0 |      0 |    0 |            1 |
|         ReLU                                 |                activation_262 |          0 |          0 |       0 |    0 |    16 |      0 |      0 |    0 |            0 |
|         fifo_out_delay                       |  register__parameterized1_263 |          8 |          8 |       0 |    0 |    48 |      0 |      0 |    0 |            0 |
|         pe_buffer                            |                       ram_264 |          8 |          8 |       0 |    0 |    16 |      0 |      1 |    0 |            0 |
|       PE_GENBLK[31].u_PE                     |                         PE_53 |         33 |         33 |       0 |    0 |   116 |      0 |      1 |    0 |            1 |
|         MACC_pe                              |                      macc_257 |         17 |         17 |       0 |    0 |    36 |      0 |      0 |    0 |            1 |
|         ReLU                                 |                activation_258 |          0 |          0 |       0 |    0 |    16 |      0 |      0 |    0 |            0 |
|         fifo_out_delay                       |  register__parameterized1_259 |          8 |          8 |       0 |    0 |    48 |      0 |      0 |    0 |            0 |
|         pe_buffer                            |                       ram_260 |          8 |          8 |       0 |    0 |    16 |      0 |      1 |    0 |            0 |
|       PE_GENBLK[32].u_PE                     |                         PE_54 |         33 |         33 |       0 |    0 |   116 |      0 |      1 |    0 |            1 |
|         MACC_pe                              |                      macc_253 |         17 |         17 |       0 |    0 |    36 |      0 |      0 |    0 |            1 |
|         ReLU                                 |                activation_254 |          0 |          0 |       0 |    0 |    16 |      0 |      0 |    0 |            0 |
|         fifo_out_delay                       |  register__parameterized1_255 |          8 |          8 |       0 |    0 |    48 |      0 |      0 |    0 |            0 |
|         pe_buffer                            |                       ram_256 |          8 |          8 |       0 |    0 |    16 |      0 |      1 |    0 |            0 |
|       PE_GENBLK[33].u_PE                     |                         PE_55 |         33 |         33 |       0 |    0 |   116 |      0 |      1 |    0 |            1 |
|         MACC_pe                              |                      macc_249 |         17 |         17 |       0 |    0 |    36 |      0 |      0 |    0 |            1 |
|         ReLU                                 |                activation_250 |          0 |          0 |       0 |    0 |    16 |      0 |      0 |    0 |            0 |
|         fifo_out_delay                       |  register__parameterized1_251 |          8 |          8 |       0 |    0 |    48 |      0 |      0 |    0 |            0 |
|         pe_buffer                            |                       ram_252 |          8 |          8 |       0 |    0 |    16 |      0 |      1 |    0 |            0 |
|       PE_GENBLK[34].u_PE                     |                         PE_56 |         33 |         33 |       0 |    0 |   116 |      0 |      1 |    0 |            1 |
|         MACC_pe                              |                      macc_245 |         17 |         17 |       0 |    0 |    36 |      0 |      0 |    0 |            1 |
|         ReLU                                 |                activation_246 |          0 |          0 |       0 |    0 |    16 |      0 |      0 |    0 |            0 |
|         fifo_out_delay                       |  register__parameterized1_247 |          8 |          8 |       0 |    0 |    48 |      0 |      0 |    0 |            0 |
|         pe_buffer                            |                       ram_248 |          8 |          8 |       0 |    0 |    16 |      0 |      1 |    0 |            0 |
|       PE_GENBLK[35].u_PE                     |                         PE_57 |         58 |         58 |       0 |    0 |   147 |      0 |      1 |    0 |            1 |
|         MACC_pe                              |                      macc_241 |         17 |         17 |       0 |    0 |    45 |      0 |      0 |    0 |            1 |
|         ReLU                                 |                activation_242 |          0 |          0 |       0 |    0 |    16 |      0 |      0 |    0 |            0 |
|         fifo_out_delay                       |  register__parameterized1_243 |          8 |          8 |       0 |    0 |    48 |      0 |      0 |    0 |            0 |
|         pe_buffer                            |                       ram_244 |         33 |         33 |       0 |    0 |    38 |      0 |      1 |    0 |            0 |
|       PE_GENBLK[36].u_PE                     |                         PE_58 |         33 |         33 |       0 |    0 |   116 |      0 |      1 |    0 |            1 |
|         MACC_pe                              |                      macc_237 |         17 |         17 |       0 |    0 |    36 |      0 |      0 |    0 |            1 |
|         ReLU                                 |                activation_238 |          0 |          0 |       0 |    0 |    16 |      0 |      0 |    0 |            0 |
|         fifo_out_delay                       |  register__parameterized1_239 |          8 |          8 |       0 |    0 |    48 |      0 |      0 |    0 |            0 |
|         pe_buffer                            |                       ram_240 |          8 |          8 |       0 |    0 |    16 |      0 |      1 |    0 |            0 |
|       PE_GENBLK[37].u_PE                     |                         PE_59 |         33 |         33 |       0 |    0 |   116 |      0 |      1 |    0 |            1 |
|         MACC_pe                              |                      macc_233 |         17 |         17 |       0 |    0 |    36 |      0 |      0 |    0 |            1 |
|         ReLU                                 |                activation_234 |          0 |          0 |       0 |    0 |    16 |      0 |      0 |    0 |            0 |
|         fifo_out_delay                       |  register__parameterized1_235 |          8 |          8 |       0 |    0 |    48 |      0 |      0 |    0 |            0 |
|         pe_buffer                            |                       ram_236 |          8 |          8 |       0 |    0 |    16 |      0 |      1 |    0 |            0 |
|       PE_GENBLK[38].u_PE                     |                         PE_60 |         33 |         33 |       0 |    0 |   116 |      0 |      1 |    0 |            1 |
|         MACC_pe                              |                      macc_229 |         17 |         17 |       0 |    0 |    36 |      0 |      0 |    0 |            1 |
|         ReLU                                 |                activation_230 |          0 |          0 |       0 |    0 |    16 |      0 |      0 |    0 |            0 |
|         fifo_out_delay                       |  register__parameterized1_231 |          8 |          8 |       0 |    0 |    48 |      0 |      0 |    0 |            0 |
|         pe_buffer                            |                       ram_232 |          8 |          8 |       0 |    0 |    16 |      0 |      1 |    0 |            0 |
|       PE_GENBLK[39].u_PE                     |                         PE_61 |         33 |         33 |       0 |    0 |   116 |      0 |      1 |    0 |            1 |
|         MACC_pe                              |                      macc_225 |         17 |         17 |       0 |    0 |    36 |      0 |      0 |    0 |            1 |
|         ReLU                                 |                activation_226 |          0 |          0 |       0 |    0 |    16 |      0 |      0 |    0 |            0 |
|         fifo_out_delay                       |  register__parameterized1_227 |          8 |          8 |       0 |    0 |    48 |      0 |      0 |    0 |            0 |
|         pe_buffer                            |                       ram_228 |          8 |          8 |       0 |    0 |    16 |      0 |      1 |    0 |            0 |
|       PE_GENBLK[3].u_PE                      |                         PE_62 |         49 |         49 |       0 |    0 |   116 |      0 |      1 |    0 |            1 |
|         MACC_pe                              |                      macc_221 |         17 |         17 |       0 |    0 |    36 |      0 |      0 |    0 |            1 |
|         ReLU                                 |                activation_222 |          0 |          0 |       0 |    0 |    16 |      0 |      0 |    0 |            0 |
|         fifo_out_delay                       |  register__parameterized1_223 |          8 |          8 |       0 |    0 |    48 |      0 |      0 |    0 |            0 |
|         pe_buffer                            |                       ram_224 |         24 |         24 |       0 |    0 |    16 |      0 |      1 |    0 |            0 |
|       PE_GENBLK[40].u_PE                     |                         PE_63 |         33 |         33 |       0 |    0 |   116 |      0 |      1 |    0 |            1 |
|         MACC_pe                              |                      macc_217 |         17 |         17 |       0 |    0 |    36 |      0 |      0 |    0 |            1 |
|         ReLU                                 |                activation_218 |          0 |          0 |       0 |    0 |    16 |      0 |      0 |    0 |            0 |
|         fifo_out_delay                       |  register__parameterized1_219 |          8 |          8 |       0 |    0 |    48 |      0 |      0 |    0 |            0 |
|         pe_buffer                            |                       ram_220 |          8 |          8 |       0 |    0 |    16 |      0 |      1 |    0 |            0 |
|       PE_GENBLK[41].u_PE                     |                         PE_64 |         33 |         33 |       0 |    0 |   116 |      0 |      1 |    0 |            1 |
|         MACC_pe                              |                      macc_213 |         17 |         17 |       0 |    0 |    36 |      0 |      0 |    0 |            1 |
|         ReLU                                 |                activation_214 |          0 |          0 |       0 |    0 |    16 |      0 |      0 |    0 |            0 |
|         fifo_out_delay                       |  register__parameterized1_215 |          8 |          8 |       0 |    0 |    48 |      0 |      0 |    0 |            0 |
|         pe_buffer                            |                       ram_216 |          8 |          8 |       0 |    0 |    16 |      0 |      1 |    0 |            0 |
|       PE_GENBLK[42].u_PE                     |                         PE_65 |         33 |         33 |       0 |    0 |   116 |      0 |      1 |    0 |            1 |
|         MACC_pe                              |                      macc_209 |         17 |         17 |       0 |    0 |    36 |      0 |      0 |    0 |            1 |
|         ReLU                                 |                activation_210 |          0 |          0 |       0 |    0 |    16 |      0 |      0 |    0 |            0 |
|         fifo_out_delay                       |  register__parameterized1_211 |          8 |          8 |       0 |    0 |    48 |      0 |      0 |    0 |            0 |
|         pe_buffer                            |                       ram_212 |          8 |          8 |       0 |    0 |    16 |      0 |      1 |    0 |            0 |
|       PE_GENBLK[43].u_PE                     |                         PE_66 |         33 |         33 |       0 |    0 |   116 |      0 |      1 |    0 |            1 |
|         MACC_pe                              |                      macc_205 |         17 |         17 |       0 |    0 |    36 |      0 |      0 |    0 |            1 |
|         ReLU                                 |                activation_206 |          0 |          0 |       0 |    0 |    16 |      0 |      0 |    0 |            0 |
|         fifo_out_delay                       |  register__parameterized1_207 |          8 |          8 |       0 |    0 |    48 |      0 |      0 |    0 |            0 |
|         pe_buffer                            |                       ram_208 |          8 |          8 |       0 |    0 |    16 |      0 |      1 |    0 |            0 |
|       PE_GENBLK[44].u_PE                     |                         PE_67 |         33 |         33 |       0 |    0 |   116 |      0 |      1 |    0 |            1 |
|         MACC_pe                              |                      macc_201 |         17 |         17 |       0 |    0 |    36 |      0 |      0 |    0 |            1 |
|         ReLU                                 |                activation_202 |          0 |          0 |       0 |    0 |    16 |      0 |      0 |    0 |            0 |
|         fifo_out_delay                       |  register__parameterized1_203 |          8 |          8 |       0 |    0 |    48 |      0 |      0 |    0 |            0 |
|         pe_buffer                            |                       ram_204 |          8 |          8 |       0 |    0 |    16 |      0 |      1 |    0 |            0 |
|       PE_GENBLK[45].u_PE                     |                         PE_68 |         33 |         33 |       0 |    0 |   116 |      0 |      1 |    0 |            1 |
|         MACC_pe                              |                      macc_197 |         17 |         17 |       0 |    0 |    36 |      0 |      0 |    0 |            1 |
|         ReLU                                 |                activation_198 |          0 |          0 |       0 |    0 |    16 |      0 |      0 |    0 |            0 |
|         fifo_out_delay                       |  register__parameterized1_199 |          8 |          8 |       0 |    0 |    48 |      0 |      0 |    0 |            0 |
|         pe_buffer                            |                       ram_200 |          8 |          8 |       0 |    0 |    16 |      0 |      1 |    0 |            0 |
|       PE_GENBLK[46].u_PE                     |                         PE_69 |         33 |         33 |       0 |    0 |   116 |      0 |      1 |    0 |            1 |
|         MACC_pe                              |                      macc_193 |         17 |         17 |       0 |    0 |    36 |      0 |      0 |    0 |            1 |
|         ReLU                                 |                activation_194 |          0 |          0 |       0 |    0 |    16 |      0 |      0 |    0 |            0 |
|         fifo_out_delay                       |  register__parameterized1_195 |          8 |          8 |       0 |    0 |    48 |      0 |      0 |    0 |            0 |
|         pe_buffer                            |                       ram_196 |          8 |          8 |       0 |    0 |    16 |      0 |      1 |    0 |            0 |
|       PE_GENBLK[47].u_PE                     |                         PE_70 |         33 |         33 |       0 |    0 |   116 |      0 |      1 |    0 |            1 |
|         MACC_pe                              |                      macc_189 |         17 |         17 |       0 |    0 |    36 |      0 |      0 |    0 |            1 |
|         ReLU                                 |                activation_190 |          0 |          0 |       0 |    0 |    16 |      0 |      0 |    0 |            0 |
|         fifo_out_delay                       |  register__parameterized1_191 |          8 |          8 |       0 |    0 |    48 |      0 |      0 |    0 |            0 |
|         pe_buffer                            |                       ram_192 |          8 |          8 |       0 |    0 |    16 |      0 |      1 |    0 |            0 |
|       PE_GENBLK[48].u_PE                     |                         PE_71 |         33 |         33 |       0 |    0 |   116 |      0 |      1 |    0 |            1 |
|         MACC_pe                              |                      macc_185 |         17 |         17 |       0 |    0 |    36 |      0 |      0 |    0 |            1 |
|         ReLU                                 |                activation_186 |          0 |          0 |       0 |    0 |    16 |      0 |      0 |    0 |            0 |
|         fifo_out_delay                       |  register__parameterized1_187 |          8 |          8 |       0 |    0 |    48 |      0 |      0 |    0 |            0 |
|         pe_buffer                            |                       ram_188 |          8 |          8 |       0 |    0 |    16 |      0 |      1 |    0 |            0 |
|       PE_GENBLK[49].u_PE                     |                         PE_72 |         33 |         33 |       0 |    0 |   116 |      0 |      1 |    0 |            1 |
|         MACC_pe                              |                      macc_181 |         17 |         17 |       0 |    0 |    36 |      0 |      0 |    0 |            1 |
|         ReLU                                 |                activation_182 |          0 |          0 |       0 |    0 |    16 |      0 |      0 |    0 |            0 |
|         fifo_out_delay                       |  register__parameterized1_183 |          8 |          8 |       0 |    0 |    48 |      0 |      0 |    0 |            0 |
|         pe_buffer                            |                       ram_184 |          8 |          8 |       0 |    0 |    16 |      0 |      1 |    0 |            0 |
|       PE_GENBLK[4].u_PE                      |                         PE_73 |         34 |         34 |       0 |    0 |   138 |      0 |      1 |    0 |            1 |
|         MACC_pe                              |                      macc_177 |         17 |         17 |       0 |    0 |    36 |      0 |      0 |    0 |            1 |
|         ReLU                                 |                activation_178 |          0 |          0 |       0 |    0 |    16 |      0 |      0 |    0 |            0 |
|         fifo_out_delay                       |  register__parameterized1_179 |          8 |          8 |       0 |    0 |    48 |      0 |      0 |    0 |            0 |
|         pe_buffer                            |                       ram_180 |          9 |          9 |       0 |    0 |    38 |      0 |      1 |    0 |            0 |
|       PE_GENBLK[50].u_PE                     |                         PE_74 |         33 |         33 |       0 |    0 |   116 |      0 |      1 |    0 |            1 |
|         MACC_pe                              |                      macc_173 |         17 |         17 |       0 |    0 |    36 |      0 |      0 |    0 |            1 |
|         ReLU                                 |                activation_174 |          0 |          0 |       0 |    0 |    16 |      0 |      0 |    0 |            0 |
|         fifo_out_delay                       |  register__parameterized1_175 |          8 |          8 |       0 |    0 |    48 |      0 |      0 |    0 |            0 |
|         pe_buffer                            |                       ram_176 |          8 |          8 |       0 |    0 |    16 |      0 |      1 |    0 |            0 |
|       PE_GENBLK[51].u_PE                     |                         PE_75 |         33 |         33 |       0 |    0 |   116 |      0 |      1 |    0 |            1 |
|         MACC_pe                              |                      macc_169 |         17 |         17 |       0 |    0 |    36 |      0 |      0 |    0 |            1 |
|         ReLU                                 |                activation_170 |          0 |          0 |       0 |    0 |    16 |      0 |      0 |    0 |            0 |
|         fifo_out_delay                       |  register__parameterized1_171 |          8 |          8 |       0 |    0 |    48 |      0 |      0 |    0 |            0 |
|         pe_buffer                            |                       ram_172 |          8 |          8 |       0 |    0 |    16 |      0 |      1 |    0 |            0 |
|       PE_GENBLK[52].u_PE                     |                         PE_76 |         33 |         33 |       0 |    0 |   116 |      0 |      1 |    0 |            1 |
|         MACC_pe                              |                      macc_165 |         17 |         17 |       0 |    0 |    36 |      0 |      0 |    0 |            1 |
|         ReLU                                 |                activation_166 |          0 |          0 |       0 |    0 |    16 |      0 |      0 |    0 |            0 |
|         fifo_out_delay                       |  register__parameterized1_167 |          8 |          8 |       0 |    0 |    48 |      0 |      0 |    0 |            0 |
|         pe_buffer                            |                       ram_168 |          8 |          8 |       0 |    0 |    16 |      0 |      1 |    0 |            0 |
|       PE_GENBLK[53].u_PE                     |                         PE_77 |         33 |         33 |       0 |    0 |   116 |      0 |      1 |    0 |            1 |
|         MACC_pe                              |                      macc_161 |         17 |         17 |       0 |    0 |    36 |      0 |      0 |    0 |            1 |
|         ReLU                                 |                activation_162 |          0 |          0 |       0 |    0 |    16 |      0 |      0 |    0 |            0 |
|         fifo_out_delay                       |  register__parameterized1_163 |          8 |          8 |       0 |    0 |    48 |      0 |      0 |    0 |            0 |
|         pe_buffer                            |                       ram_164 |          8 |          8 |       0 |    0 |    16 |      0 |      1 |    0 |            0 |
|       PE_GENBLK[54].u_PE                     |                         PE_78 |         33 |         33 |       0 |    0 |   116 |      0 |      1 |    0 |            1 |
|         MACC_pe                              |                      macc_157 |         17 |         17 |       0 |    0 |    36 |      0 |      0 |    0 |            1 |
|         ReLU                                 |                activation_158 |          0 |          0 |       0 |    0 |    16 |      0 |      0 |    0 |            0 |
|         fifo_out_delay                       |  register__parameterized1_159 |          8 |          8 |       0 |    0 |    48 |      0 |      0 |    0 |            0 |
|         pe_buffer                            |                       ram_160 |          8 |          8 |       0 |    0 |    16 |      0 |      1 |    0 |            0 |
|       PE_GENBLK[55].u_PE                     |                         PE_79 |         33 |         33 |       0 |    0 |   116 |      0 |      1 |    0 |            1 |
|         MACC_pe                              |                      macc_153 |         17 |         17 |       0 |    0 |    36 |      0 |      0 |    0 |            1 |
|         ReLU                                 |                activation_154 |          0 |          0 |       0 |    0 |    16 |      0 |      0 |    0 |            0 |
|         fifo_out_delay                       |  register__parameterized1_155 |          8 |          8 |       0 |    0 |    48 |      0 |      0 |    0 |            0 |
|         pe_buffer                            |                       ram_156 |          8 |          8 |       0 |    0 |    16 |      0 |      1 |    0 |            0 |
|       PE_GENBLK[56].u_PE                     |                         PE_80 |         33 |         33 |       0 |    0 |   116 |      0 |      1 |    0 |            1 |
|         MACC_pe                              |                      macc_149 |         17 |         17 |       0 |    0 |    36 |      0 |      0 |    0 |            1 |
|         ReLU                                 |                activation_150 |          0 |          0 |       0 |    0 |    16 |      0 |      0 |    0 |            0 |
|         fifo_out_delay                       |  register__parameterized1_151 |          8 |          8 |       0 |    0 |    48 |      0 |      0 |    0 |            0 |
|         pe_buffer                            |                       ram_152 |          8 |          8 |       0 |    0 |    16 |      0 |      1 |    0 |            0 |
|       PE_GENBLK[57].u_PE                     |                         PE_81 |         33 |         33 |       0 |    0 |   116 |      0 |      1 |    0 |            1 |
|         MACC_pe                              |                      macc_145 |         17 |         17 |       0 |    0 |    36 |      0 |      0 |    0 |            1 |
|         ReLU                                 |                activation_146 |          0 |          0 |       0 |    0 |    16 |      0 |      0 |    0 |            0 |
|         fifo_out_delay                       |  register__parameterized1_147 |          8 |          8 |       0 |    0 |    48 |      0 |      0 |    0 |            0 |
|         pe_buffer                            |                       ram_148 |          8 |          8 |       0 |    0 |    16 |      0 |      1 |    0 |            0 |
|       PE_GENBLK[58].u_PE                     |                         PE_82 |         33 |         33 |       0 |    0 |   116 |      0 |      1 |    0 |            1 |
|         MACC_pe                              |                      macc_141 |         17 |         17 |       0 |    0 |    36 |      0 |      0 |    0 |            1 |
|         ReLU                                 |                activation_142 |          0 |          0 |       0 |    0 |    16 |      0 |      0 |    0 |            0 |
|         fifo_out_delay                       |  register__parameterized1_143 |          8 |          8 |       0 |    0 |    48 |      0 |      0 |    0 |            0 |
|         pe_buffer                            |                       ram_144 |          8 |          8 |       0 |    0 |    16 |      0 |      1 |    0 |            0 |
|       PE_GENBLK[59].u_PE                     |                         PE_83 |         33 |         33 |       0 |    0 |   116 |      0 |      1 |    0 |            1 |
|         MACC_pe                              |                      macc_137 |         17 |         17 |       0 |    0 |    36 |      0 |      0 |    0 |            1 |
|         ReLU                                 |                activation_138 |          0 |          0 |       0 |    0 |    16 |      0 |      0 |    0 |            0 |
|         fifo_out_delay                       |  register__parameterized1_139 |          8 |          8 |       0 |    0 |    48 |      0 |      0 |    0 |            0 |
|         pe_buffer                            |                       ram_140 |          8 |          8 |       0 |    0 |    16 |      0 |      1 |    0 |            0 |
|       PE_GENBLK[5].u_PE                      |                         PE_84 |         33 |         33 |       0 |    0 |   116 |      0 |      1 |    0 |            1 |
|         MACC_pe                              |                      macc_133 |         17 |         17 |       0 |    0 |    36 |      0 |      0 |    0 |            1 |
|         ReLU                                 |                activation_134 |          0 |          0 |       0 |    0 |    16 |      0 |      0 |    0 |            0 |
|         fifo_out_delay                       |  register__parameterized1_135 |          8 |          8 |       0 |    0 |    48 |      0 |      0 |    0 |            0 |
|         pe_buffer                            |                       ram_136 |          8 |          8 |       0 |    0 |    16 |      0 |      1 |    0 |            0 |
|       PE_GENBLK[60].u_PE                     |                         PE_85 |         33 |         33 |       0 |    0 |   116 |      0 |      1 |    0 |            1 |
|         MACC_pe                              |                      macc_129 |         17 |         17 |       0 |    0 |    36 |      0 |      0 |    0 |            1 |
|         ReLU                                 |                activation_130 |          0 |          0 |       0 |    0 |    16 |      0 |      0 |    0 |            0 |
|         fifo_out_delay                       |  register__parameterized1_131 |          8 |          8 |       0 |    0 |    48 |      0 |      0 |    0 |            0 |
|         pe_buffer                            |                       ram_132 |          8 |          8 |       0 |    0 |    16 |      0 |      1 |    0 |            0 |
|       PE_GENBLK[61].u_PE                     |                         PE_86 |         66 |         65 |       0 |    1 |   151 |      0 |      1 |    0 |            1 |
|         MACC_pe                              |                      macc_124 |         17 |         17 |       0 |    0 |    45 |      0 |      0 |    0 |            1 |
|         ReLU                                 |                activation_125 |          0 |          0 |       0 |    0 |    16 |      0 |      0 |    0 |            0 |
|         fifo_out_delay                       |  register__parameterized1_126 |         24 |         24 |       0 |    0 |    48 |      0 |      0 |    0 |            0 |
|         macc_en_delay                        |  register__parameterized0_127 |          1 |          0 |       0 |    1 |    24 |      0 |      0 |    0 |            0 |
|         pe_buffer                            |                       ram_128 |          8 |          8 |       0 |    0 |    16 |      0 |      1 |    0 |            0 |
|         src_2_delay                          |                      register |         16 |         16 |       0 |    0 |     2 |      0 |      0 |    0 |            0 |
|       PE_GENBLK[62].u_PE                     |                         PE_87 |         33 |         33 |       0 |    0 |   116 |      0 |      1 |    0 |            1 |
|         MACC_pe                              |                      macc_120 |         17 |         17 |       0 |    0 |    36 |      0 |      0 |    0 |            1 |
|         ReLU                                 |                activation_121 |          0 |          0 |       0 |    0 |    16 |      0 |      0 |    0 |            0 |
|         fifo_out_delay                       |  register__parameterized1_122 |          8 |          8 |       0 |    0 |    48 |      0 |      0 |    0 |            0 |
|         pe_buffer                            |                       ram_123 |          8 |          8 |       0 |    0 |    16 |      0 |      1 |    0 |            0 |
|       PE_GENBLK[63].u_PE                     |                         PE_88 |         33 |         33 |       0 |    0 |   116 |      0 |      1 |    0 |            1 |
|         MACC_pe                              |                      macc_116 |         17 |         17 |       0 |    0 |    36 |      0 |      0 |    0 |            1 |
|         ReLU                                 |                activation_117 |          0 |          0 |       0 |    0 |    16 |      0 |      0 |    0 |            0 |
|         fifo_out_delay                       |  register__parameterized1_118 |          8 |          8 |       0 |    0 |    48 |      0 |      0 |    0 |            0 |
|         pe_buffer                            |                       ram_119 |          8 |          8 |       0 |    0 |    16 |      0 |      1 |    0 |            0 |
|       PE_GENBLK[6].u_PE                      |                         PE_89 |         33 |         33 |       0 |    0 |   116 |      0 |      1 |    0 |            1 |
|         MACC_pe                              |                      macc_112 |         17 |         17 |       0 |    0 |    36 |      0 |      0 |    0 |            1 |
|         ReLU                                 |                activation_113 |          0 |          0 |       0 |    0 |    16 |      0 |      0 |    0 |            0 |
|         fifo_out_delay                       |  register__parameterized1_114 |          8 |          8 |       0 |    0 |    48 |      0 |      0 |    0 |            0 |
|         pe_buffer                            |                       ram_115 |          8 |          8 |       0 |    0 |    16 |      0 |      1 |    0 |            0 |
|       PE_GENBLK[7].u_PE                      |                         PE_90 |         33 |         33 |       0 |    0 |   116 |      0 |      1 |    0 |            1 |
|         MACC_pe                              |                      macc_108 |         17 |         17 |       0 |    0 |    36 |      0 |      0 |    0 |            1 |
|         ReLU                                 |                activation_109 |          0 |          0 |       0 |    0 |    16 |      0 |      0 |    0 |            0 |
|         fifo_out_delay                       |  register__parameterized1_110 |          8 |          8 |       0 |    0 |    48 |      0 |      0 |    0 |            0 |
|         pe_buffer                            |                       ram_111 |          8 |          8 |       0 |    0 |    16 |      0 |      1 |    0 |            0 |
|       PE_GENBLK[8].u_PE                      |                         PE_91 |         49 |         49 |       0 |    0 |   116 |      0 |      1 |    0 |            1 |
|         MACC_pe                              |                      macc_104 |         17 |         17 |       0 |    0 |    36 |      0 |      0 |    0 |            1 |
|         ReLU                                 |                activation_105 |          0 |          0 |       0 |    0 |    16 |      0 |      0 |    0 |            0 |
|         fifo_out_delay                       |  register__parameterized1_106 |          8 |          8 |       0 |    0 |    48 |      0 |      0 |    0 |            0 |
|         pe_buffer                            |                       ram_107 |         24 |         24 |       0 |    0 |    16 |      0 |      1 |    0 |            0 |
|       PE_GENBLK[9].u_PE                      |                         PE_92 |         49 |         49 |       0 |    0 |   116 |      0 |      1 |    0 |            1 |
|         MACC_pe                              |                          macc |         17 |         17 |       0 |    0 |    36 |      0 |      0 |    0 |            1 |
|         ReLU                                 |                    activation |          0 |          0 |       0 |    0 |    16 |      0 |      0 |    0 |            0 |
|         fifo_out_delay                       |      register__parameterized1 |          8 |          8 |       0 |    0 |    48 |      0 |      0 |    0 |            0 |
|         pe_buffer                            |                           ram |         24 |         24 |       0 |    0 |    16 |      0 |      1 |    0 |            0 |
|       neuron_delay                           |     register__parameterized10 |        816 |        816 |       0 |    0 |    16 |      0 |      0 |    0 |            0 |
|       out_sel_delay                          |   register__parameterized5_93 |         14 |         14 |       0 |    0 |    10 |      0 |      0 |    0 |            0 |
|       packer                                 |                data_packer_94 |       1018 |       1018 |       0 |    0 |  1032 |      0 |      0 |    0 |            0 |
|       pe_neuron_bias_delay                   |   register__parameterized5_95 |        147 |        147 |       0 |    0 |     1 |      0 |      0 |    0 |            0 |
|       pe_neuron_sel_delay                    |      register__parameterized9 |        583 |        583 |       0 |    0 |     6 |      0 |      0 |    0 |            0 |
|       pool_DUT                               |                       pooling |       1645 |       1645 |       0 |    0 |  2164 |     14 |      2 |    0 |            0 |
|         (pool_DUT)                           |                       pooling |          2 |          2 |       0 |    0 |  1046 |      0 |      0 |    0 |            0 |
|         kw2_delay1                           | register__parameterized10_100 |         16 |         16 |       0 |    0 |    16 |      0 |      0 |    0 |            0 |
|         kw2_delay2                           | register__parameterized10_101 |         24 |         24 |       0 |    0 |    16 |      0 |      0 |    0 |            0 |
|         pool_fifo                            |          fifo__parameterized1 |       1044 |       1044 |       0 |    0 |    16 |     14 |      1 |    0 |            0 |
|         row_fifo                             |          fifo__parameterized2 |         24 |         24 |       0 |    0 |    22 |      0 |      1 |    0 |            0 |
|         row_fifo_out_delay                   |     register__parameterized11 |          0 |          0 |       0 |    0 |    16 |      0 |      0 |    0 |            0 |
|         sipo_output                          |                      sipo_102 |        536 |        536 |       0 |    0 |  1032 |      0 |      0 |    0 |            0 |
|           (sipo_output)                      |                      sipo_102 |        520 |        520 |       0 |    0 |  1031 |      0 |      0 |    0 |            0 |
|           push_delay                         |  register__parameterized5_103 |         16 |         16 |       0 |    0 |     1 |      0 |      0 |    0 |            0 |
|       pool_cfg_delay                         |      register__parameterized8 |          0 |          0 |       0 |    0 |    10 |      0 |      0 |    0 |            0 |
|       pool_ctrl_delay                        |      register__parameterized7 |          8 |          2 |       0 |    6 |    13 |      0 |      0 |    0 |            0 |
|       pu_ctrl_delay                          |      register__parameterized3 |         13 |         10 |       0 |    3 |    95 |      0 |      0 |    0 |            0 |
|       pu_vg_data_delay                       |      register__parameterized2 |          0 |          0 |       0 |    0 |  1024 |      0 |      0 |    0 |            0 |
|       src_1_sel_delay                        |   register__parameterized0_96 |          0 |          0 |       0 |    0 |    10 |      0 |      0 |    0 |            0 |
|       src_2_sel_delay                        |   register__parameterized0_97 |          1 |          0 |       0 |    1 |     0 |      0 |      0 |    0 |            0 |
|       u_serdes                               |                        serdes |       1083 |       1075 |       8 |    0 |  2114 |     14 |      1 |    0 |            0 |
|         (u_serdes)                           |                        serdes |          0 |          0 |       0 |    0 |  1042 |      0 |      0 |    0 |            0 |
|         cfg_fifo                             |          fifo__parameterized4 |         27 |         19 |       8 |    0 |    23 |      0 |      0 |    0 |            0 |
|         data_fifo                            |          fifo__parameterized3 |       1036 |       1036 |       0 |    0 |    10 |     14 |      1 |    0 |            0 |
|         serializer_counter                   |                       counter |         12 |         12 |       0 |    0 |     7 |      0 |      0 |    0 |            0 |
|         sipo_output                          |                          sipo |          9 |          9 |       0 |    0 |  1032 |      0 |      0 |    0 |            0 |
|           (sipo_output)                      |                          sipo |          6 |          6 |       0 |    0 |  1031 |      0 |      0 |    0 |            0 |
|           push_delay                         |   register__parameterized5_99 |          3 |          3 |       0 |    0 |     1 |      0 |      0 |    0 |            0 |
|       u_wb                                   |                 weight_buffer |         17 |         17 |       0 |    0 |    28 |      1 |      0 |    0 |            0 |
|       vg_mask_delay                          |      register__parameterized6 |       1580 |       1548 |       0 |   32 |   128 |      0 |      0 |    0 |            0 |
|       wb_read_addr_delay                     |      register__parameterized4 |          0 |          0 |       0 |    0 |    27 |      0 |      0 |    0 |            0 |
|       wb_read_req_delay                      |   register__parameterized0_98 |          0 |          0 |       0 |    0 |     3 |      0 |      0 |    0 |            0 |
|     mem_ctrl_top                             |            mem_controller_top |       1496 |       1432 |      64 |    0 |  3003 |     33 |      3 |    0 |            0 |
|       (mem_ctrl_top)                         |            mem_controller_top |          6 |          6 |       0 |    0 |    67 |      0 |      0 |    0 |            0 |
|       OUTPUT_BUFFER_GEN[0].d_unpacker        |                 data_unpacker |        486 |        486 |       0 |    0 |  1031 |      0 |      0 |    0 |            0 |
|       OUTPUT_BUFFER_GEN[0].outbuf_iwidth     |          fifo__parameterized6 |         56 |         56 |       0 |    0 |    22 |     14 |      1 |    0 |            0 |
|       OUTPUT_BUFFER_GEN[0].outbuf_owidth     |                     fifo_fwft |         49 |         49 |       0 |    0 |    17 |      1 |      0 |    0 |            0 |
|         (OUTPUT_BUFFER_GEN[0].outbuf_owidth) |                     fifo_fwft |          0 |          0 |       0 |    0 |     1 |      0 |      0 |    0 |            0 |
|         fifo_buffer                          |       fifo__parameterized7_29 |         49 |         49 |       0 |    0 |    16 |      1 |      0 |    0 |            0 |
|       STREAM_PU_GEN[0].packer                |                   data_packer |          4 |          4 |       0 |    0 |     8 |      0 |      0 |    0 |            0 |
|       STREAM_PU_GEN[0].stream_pu             |          fifo__parameterized5 |          9 |          9 |       0 |    0 |     7 |      0 |      0 |    0 |            0 |
|       axi_rd_buffer                          |         fifo__parameterized11 |         21 |         21 |       0 |    0 |    19 |      1 |      0 |    0 |            0 |
|       buffer_read                            |         fifo__parameterized13 |         33 |         33 |       0 |    0 |    31 |      2 |      0 |    0 |            0 |
|       packer                                 |                data_packer_19 |          5 |          5 |       0 |    0 |  1032 |      0 |      0 |    0 |            0 |
|       stream_fifo                            |         fifo__parameterized12 |         30 |         30 |       0 |    0 |    25 |     14 |      1 |    0 |            0 |
|       u_axim                                 |            axi_master_wrapper |        343 |        295 |      48 |    0 |   285 |      1 |      0 |    0 |            0 |
|         (u_axim)                             |            axi_master_wrapper |          0 |          0 |       0 |    0 |     1 |      0 |      0 |    0 |            0 |
|         AXI_GEN[0].u_axim                    |                    axi_master |        343 |        295 |      48 |    0 |   284 |      1 |      0 |    0 |            0 |
|           (AXI_GEN[0].u_axim)                |                    axi_master |         79 |         79 |       0 |    0 |   151 |      0 |      0 |    0 |            0 |
|           WBURST_COUNTER_GEN[0].wburst_C     |                wburst_counter |         55 |         55 |       0 |    0 |    17 |      0 |      0 |    0 |            0 |
|           awchannel_req_buf                  |         fifo__parameterized10 |         25 |         17 |       8 |    0 |    18 |      0 |      0 |    0 |            0 |
|           pu_obuf_rd_counter                 |       counter__parameterized3 |          4 |          4 |       0 |    0 |     4 |      0 |      0 |    0 |            0 |
|           rd_req_buf                         |          fifo__parameterized8 |        112 |         80 |      32 |    0 |    59 |      0 |      0 |    0 |            0 |
|           wchannel_req_buf                   |     fifo_fwft__parameterized0 |         34 |         26 |       8 |    0 |    18 |      0 |      0 |    0 |            0 |
|             (wchannel_req_buf)               |     fifo_fwft__parameterized0 |          4 |          4 |       0 |    0 |     1 |      0 |      0 |    0 |            0 |
|             fifo_buffer                      |          fifo__parameterized9 |         30 |         22 |       8 |    0 |    17 |      0 |      0 |    0 |            0 |
|           write_buf                          |                  fifo_fwft_28 |         35 |         35 |       0 |    0 |    17 |      1 |      0 |    0 |            0 |
|             (write_buf)                      |                  fifo_fwft_28 |          1 |          1 |       0 |    0 |     1 |      0 |      0 |    0 |            0 |
|             fifo_buffer                      |          fifo__parameterized7 |         34 |         34 |       0 |    0 |    16 |      1 |      0 |    0 |            0 |
|       u_buffer_counter                       |           buffer_read_counter |         44 |         44 |       0 |    0 |    45 |      0 |      1 |    0 |            0 |
|         (u_buffer_counter)                   |           buffer_read_counter |          2 |          2 |       0 |    0 |     3 |      0 |      0 |    0 |            0 |
|         read_info_fifo                       |         fifo__parameterized14 |         32 |         32 |       0 |    0 |    22 |      0 |      1 |    0 |            0 |
|         rvalid_counter                       |    counter__parameterized4_27 |         10 |         10 |       0 |    0 |    20 |      0 |      0 |    0 |            0 |
|       u_mem_ctrl                             |                mem_controller |        354 |        354 |       0 |    0 |   346 |      0 |      0 |    0 |            0 |
|         (u_mem_ctrl)                         |                mem_controller |         92 |         92 |       0 |    0 |   180 |      0 |      0 |    0 |            0 |
|         buffer_read_counter                  |    counter__parameterized0_20 |         29 |         29 |       0 |    0 |    32 |      0 |      0 |    0 |            0 |
|         read_idx_counter                     |    counter__parameterized1_21 |         12 |         12 |       0 |    0 |     3 |      0 |      0 |    0 |            0 |
|         stream_read_loop_0                   |    counter__parameterized0_22 |        104 |        104 |       0 |    0 |    32 |      0 |      0 |    0 |            0 |
|         stream_read_loop_1                   |    counter__parameterized0_23 |         43 |         43 |       0 |    0 |    32 |      0 |      0 |    0 |            0 |
|         stream_read_loop_2                   |    counter__parameterized0_24 |         36 |         36 |       0 |    0 |    32 |      0 |      0 |    0 |            0 |
|         stream_write_counter                 |    counter__parameterized0_25 |         27 |         27 |       0 |    0 |    32 |      0 |      0 |    0 |            0 |
|         write_idx_counter                    |    counter__parameterized1_26 |         11 |         11 |       0 |    0 |     3 |      0 |      0 |    0 |            0 |
|       u_read_info                            |                     read_info |         56 |         40 |      16 |    0 |    68 |      0 |      0 |    0 |            0 |
|         (u_read_info)                        |                     read_info |          1 |          1 |       0 |    0 |     9 |      0 |      0 |    0 |            0 |
|         read_info_fifo                       |         fifo__parameterized15 |         45 |         29 |      16 |    0 |    39 |      0 |      0 |    0 |            0 |
|         rvalid_counter                       |       counter__parameterized4 |         10 |         10 |       0 |    0 |    20 |      0 |      0 |    0 |            0 |
|     u_controller                             |                 PU_controller |       1110 |       1092 |       0 |   18 |  1123 |      0 |      0 |    0 |            0 |
|       (u_controller)                         |                 PU_controller |        641 |        641 |       0 |    0 |   929 |      0 |      0 |    0 |            0 |
|       FC_neuron_idx_counter                  |       counter__parameterized5 |         35 |         35 |       0 |    0 |    10 |      0 |      0 |    0 |            0 |
|       conv_stride_counter                    |       counter__parameterized1 |         11 |         11 |       0 |    0 |     3 |      0 |      0 |    0 |            0 |
|       ic_counter                             |       counter__parameterized0 |         79 |         79 |       0 |    0 |    32 |      0 |      0 |    0 |            0 |
|       ic_inc_delay                           |     register__parameterized13 |          2 |          1 |       0 |    1 |     2 |      0 |      0 |    0 |            0 |
|       ih_counter                             |     counter__parameterized5_0 |         43 |         43 |       0 |    0 |    10 |      0 |      0 |    0 |            0 |
|       ih_inc_delay                           |      register__parameterized5 |          0 |          0 |       0 |    0 |     1 |      0 |      0 |    0 |            0 |
|       iw_counter                             |     counter__parameterized5_1 |         37 |         37 |       0 |    0 |    10 |      0 |      0 |    0 |            0 |
|       iw_inc_delay                           |    register__parameterized5_2 |          1 |          1 |       0 |    0 |     1 |      0 |      0 |    0 |            0 |
|       kw_counter                             |     counter__parameterized1_3 |         56 |         56 |       0 |    0 |     3 |      0 |      0 |    0 |            0 |
|       l_counter                              |     counter__parameterized5_4 |         32 |         32 |       0 |    0 |    10 |      0 |      0 |    0 |            0 |
|       l_inc_delay                            |   register__parameterized13_5 |          7 |          6 |       0 |    1 |     2 |      0 |      0 |    0 |            0 |
|       nextfm_delay                           |    register__parameterized5_6 |          0 |          0 |       0 |    0 |     1 |      0 |      0 |    0 |            0 |
|       oc_counter                             |     counter__parameterized0_7 |         30 |         30 |       0 |    0 |    32 |      0 |      0 |    0 |            0 |
|       out_sel_delay                          |     register__parameterized14 |          6 |          5 |       0 |    1 |     2 |      0 |      0 |    0 |            0 |
|       p_counter                              |     counter__parameterized5_8 |         18 |         18 |       0 |    0 |    10 |      0 |      0 |    0 |            0 |
|       pe_fifo_pop_delay                      |    register__parameterized5_9 |         15 |         15 |       0 |    0 |     1 |      0 |      0 |    0 |            0 |
|       pe_fifo_push_delay                     |  register__parameterized14_10 |          2 |          1 |       0 |    1 |     2 |      0 |      0 |    0 |            0 |
|       pe_flush_delay                         |      register__parameterized0 |          0 |          0 |       0 |    0 |     3 |      0 |      0 |    0 |            0 |
|       pe_neuron_bias_delay                   |     register__parameterized18 |          2 |          1 |       0 |    1 |     1 |      0 |      0 |    0 |            0 |
|       pe_neuron_sel_delay                    |     register__parameterized17 |          9 |          3 |       0 |    6 |     6 |      0 |      0 |    0 |            0 |
|       pe_sel_counter                         |       counter__parameterized6 |          6 |          6 |       0 |    0 |     6 |      0 |      0 |    0 |            0 |
|       pe_write_valid_delay                   |     register__parameterized15 |          2 |          1 |       0 |    1 |     2 |      0 |      0 |    0 |            0 |
|       pool_ih_counter                        |    counter__parameterized5_11 |         18 |         18 |       0 |    0 |    10 |      0 |      0 |    0 |            0 |
|       pool_iw_counter                        |    counter__parameterized5_12 |         18 |         18 |       0 |    0 |    10 |      0 |      0 |    0 |            0 |
|       pool_pad_row_delay                     |   register__parameterized5_13 |          0 |          0 |       0 |    0 |     1 |      0 |      0 |    0 |            0 |
|       pu_serdes_count_delay                  |     register__parameterized16 |          5 |          2 |       0 |    3 |     6 |      0 |      0 |    0 |            0 |
|       scratch_sw_rd_delay                    |  register__parameterized14_14 |          8 |          7 |       0 |    1 |     2 |      0 |      0 |    0 |            0 |
|       scratch_sw_wr_delay                    |   register__parameterized5_15 |          1 |          1 |       0 |    0 |     1 |      0 |      0 |    0 |            0 |
|       src_1_sel_delay                        |  register__parameterized14_16 |          5 |          4 |       0 |    1 |     2 |      0 |      0 |    0 |            0 |
|       stride_counter                         |    counter__parameterized5_17 |         17 |         17 |       0 |    0 |    10 |      0 |      0 |    0 |            0 |
|       wr_addr_clear_delay                    |  register__parameterized15_18 |          4 |          3 |       0 |    1 |     2 |      0 |      0 |    0 |            0 |
|     vecgen                                   |     vectorgen__parameterized0 |       4866 |       4866 |       0 |    0 | 11282 |      0 |      0 |    0 |            0 |
+----------------------------------------------+-------------------------------+------------+------------+---------+------+-------+--------+--------+------+--------------+
* Note: The sum of lower-level cells may be larger than their parent cells total, due to cross-hierarchy LUT combining


